
> backend@1.0.0 test
> jest

  console.log
    [dotenv@17.2.3] injecting env (7) from .env -- tip: 🗂️ backup and recover secrets: https://dotenvx.com/ops

      at _log (node_modules/dotenv/lib/main.js:142:11)

{"level":"info","message":"::ffff:127.0.0.1 - - [20/Mar/2026:04:49:33 +0000] \"POST /api/auth/register HTTP/1.1\" 201 371 \"-\" \"-\"","timestamp":"2026-03-20T04:49:33.071Z"}
{"level":"info","message":"::ffff:127.0.0.1 - - [20/Mar/2026:04:49:33 +0000] \"POST /api/auth/login HTTP/1.1\" 200 364 \"-\" \"-\"","timestamp":"2026-03-20T04:49:33.225Z"}
{"level":"info","message":"::ffff:127.0.0.1 - - [20/Mar/2026:04:49:33 +0000] \"POST /api/auth/register HTTP/1.1\" 400 2004 \"-\" \"-\"","timestamp":"2026-03-20T04:49:33.234Z"}
PASS tests/auth.test.js
  Auth API
    √ should register a new user (724 ms)
    √ should login the registered user (149 ms)
    √ should fail validation for invalid email (7 ms)

Test Suites: 1 passed, 1 total
Tests:       3 passed, 3 total
Snapshots:   0 total
Time:        2.714 s, estimated 3 s
Ran all test suites.
Force exiting Jest: Have you considered using `--detectOpenHandles` to detect async operations that kept running after all tests finished?
